// Jest Snapshot v1, https://goo.gl/fbAQLP

exports[`Journey renders correctly 1`] = `
.c3 {
  margin: 15px 0;
}

.c4 {
  font-size: 26px;
  margin: 0 0 5px 0;
}

.c5 {
  font-size: 14px;
  color: var(--primary);
  margin: 0 0 15px 0;
}

.c1 {
  width: 100%;
  height: 3px;
  background-color: var(--dark);
  margin: 10px 0;
  -webkit-animation: reveal 0.7s forwards;
  animation: reveal 0.7s forwards;
}

.c0 {
  display: -webkit-box;
  display: -webkit-flex;
  display: -ms-flexbox;
  display: flex;
  -webkit-flex-direction: column;
  -ms-flex-direction: column;
  flex-direction: column;
  color: var(--dark);
  -webkit-animation: fadein 0.5s;
  animation: fadein 0.5s;
}

.c2 {
  font-family: "Archivo Black",sans-serif;
  font-weight: 400;
  font-size: 16px;
  margin-bottom: 10px;
}

<article>
  <div
    class="c0"
  >
    <div
      class="c1"
    />
    <span
      class="c2"
    >
      Work experience
    </span>
    <div
      class="c3"
    >
      <p
        class="c4"
      >
        viafintech | Software Engineer
      </p>
      <p
        class="c5"
      >
        September 2019 – Present | Berlin Germany
      </p>
      <span>
        viafintech is a payment service provider. Through viacash, they offer a solution for cash deposits, withdrawals and payment for clients like N26, bunq, Amazon.de in retails such as DM, Rewe, Penny.
      </span>
      <ul>
        <li>
          Integrated multiple external transaction API such as Alipay or Incomm using Golang.
        </li>
        <li>
          Designed and developed an iOS and Android application to find the nearest retail partners with React Native and Typescript.
        </li>
        <li>
          Engineered a new deployment system written in Golang, affecting 60+ services. Integrated using Golang and Bash with Docker, Gitlab-CI, AWS S3 and Vault.
        </li>
      </ul>
      (Golang, Ruby on Rails, Postgresql, RabbitMQ)
    </div>
    <div
      class="c3"
    >
      <p
        class="c4"
      >
        GitGuardian | Full-Stack Developer
      </p>
      <p
        class="c5"
      >
        November 2018 – July 2019 | Paris, France
      </p>
      <span>
        GitGuardian is a solution that scans GitHub activity in real-time for API secret tokens, database credentials, certificates and alerts the developer within a minute.
      </span>
      <ul>
        <li>
          Involved in the main website redesign using GatsbyJS with serverless functions in NodeJS, now viewed by more than 50k people per month.
        </li>
        <li>
          Built a B2B dashboard used by some Fortune 500 with Django and React.
        </li>
      </ul>
      (Django, Python, React, Postgresql, Golang)
    </div>
  </div>
  <div
    class="c0"
  >
    <div
      class="c1"
    />
    <span
      class="c2"
    >
      Involvements & Hackathons
    </span>
    <div
      class="c3"
    >
      <p
        class="c4"
      >
        Android OS open-source community
      </p>
      <p
        class="c5"
      >
        February 2015 – November 2017
      </p>
      Adding improvements and features on the Android system and kernel, with Java and C. Member of multiple organizations such as LineageOS/Cyanogenmod and AICP. Recognized developer on the developer forum XDA.
    </div>
    <div
      class="c3"
    >
      <p
        class="c4"
      >
        Navya x 42 - Team Exedra - First Place
      </p>
      <p
        class="c5"
      >
        Mondial Paris Motor Show 2018 | CES 2019
      </p>
      Navya organized a contest with 42 about improving the user experience aboard the car. We envisioned a pop-up meeting room, then we engineered a platform to book and manage meetings with React Native and Express.
    </div>
  </div>
  <div
    class="c0"
  >
    <div
      class="c1"
    />
    <span
      class="c2"
    >
      Education
    </span>
    <div
      class="c3"
    >
      <p
        class="c4"
      >
        Ecole 42
      </p>
      <p
        class="c5"
      >
        2019 | Computer Science
      </p>
    </div>
  </div>
</article>
`;
