// Jest Snapshot v1, https://goo.gl/fbAQLP

exports[`Projects renders correctly 1`] = `
.c1 {
  width: 100%;
  height: 3px;
  background-color: var(--dark);
  margin: 10px 0;
  -webkit-animation: reveal 0.7s forwards;
  animation: reveal 0.7s forwards;
}

.c0 {
  display: -webkit-box;
  display: -webkit-flex;
  display: -ms-flexbox;
  display: flex;
  -webkit-flex-direction: column;
  -ms-flex-direction: column;
  flex-direction: column;
  color: var(--dark);
  -webkit-animation: fadein 0.5s;
  animation: fadein 0.5s;
}

.c2 {
  font-family: "Archivo Black",sans-serif;
  font-weight: 400;
  font-size: 16px;
  margin-bottom: 10px;
}

.c3 {
  margin: 15px 0;
}

.c4 {
  font-size: 26px;
  margin: 0 0 5px 0;
}

.c6 {
  font-size: 14px;
  color: var(--primary);
  margin: 0 0 15px 0;
}

.c5 {
  color: inherit;
}

<article>
  <div
    class="c0"
  >
    <div
      class="c1"
    />
    <span
      class="c2"
    >
      Projects
    </span>
    <div
      class="c3"
    >
      <p
        class="c4"
      >
        <a
          class="c5"
          href="https://github.com/eleboucher/erwanleboucher.dev"
        >
          erwanleboucher.dev
        </a>
      </p>
      <p
        class="c6"
      >
        stars: 3 | forks:
          0
      </p>
      <p>
        Personal Website using the GatsbyJS. Minimalistic website to display my journey as a software developer.
      </p>
      <span>
        (JavaScript, 
        CSS, 
        HTML, 
        TypeScript)
      </span>
    </div>
    <a
      aria-label="Github"
      class="c5"
      href="https://github.com/eleboucher"
      rel="noopener noreferrer"
      style="margin-top: 30px; font-weight: bold;"
      target="_blank"
    >
      More on Github
    </a>
  </div>
</article>
`;
