// Jest Snapshot v1, https://goo.gl/fbAQLP

exports[`Header renders correctly 1`] = `
<header>
  <div
    className="sc-AxjAm ikxNPC"
  >
    <a
      className="sc-AxirZ dribLd sc-AxhCb hnmItF"
      href="/"
    >
      Default Starter
    </a>
    <div
      className="sc-AxiKw elWQB"
    >
      <a
        className="sc-AxhCb hnmItF"
        href="/"
      >
        About
      </a>
      <a
        className="sc-AxhCb hnmItF"
        href="/journey"
      >
        Journey
      </a>
      <a
        className="sc-AxhCb hnmItF"
        href="/projects"
      >
        Projects
      </a>
    </div>
  </div>
</header>
`;
