// Jest Snapshot v1, https://goo.gl/fbAQLP

exports[`Layout renders correctly 1`] = `"<div class=\\"sc-AxheI gozWpi\\"><a href=\\"#maincontent\\" class=\\"sc-AxmLO jkMhdP\\">Skip to main</a><header><div class=\\"sc-AxiKw hXILaJ\\"><a class=\\"sc-AxhCb bWXZBt sc-AxgMl judfSi\\" href=\\"/\\">test</a><div class=\\"sc-AxhUy jWIRsq\\"><a class=\\"sc-AxgMl judfSi\\" href=\\"/\\">About</a><a class=\\"sc-AxgMl judfSi\\" href=\\"/journey\\">Journey</a><a class=\\"sc-AxgMl judfSi\\" href=\\"/projects\\">Projects</a><a class=\\"sc-AxgMl judfSi\\" href=\\"/blog\\">Blog</a><input type=\\"checkbox\\" id=\\"switch\\" data-testid=\\"theme-checkbox\\" class=\\"sc-AxirZ cymzFC\\"><label for=\\"switch\\" class=\\"sc-AxjAm rpoTh\\"></label></div></div></header><div id=\\"maincontent\\" class=\\"sc-Axmtr jtUVCg\\"></div></div>"`;
