// Jest Snapshot v1, https://goo.gl/fbAQLP

exports[`ThemeSwitcher renders correctly 1`] = `
Array [
  .c0 {
  display: none;
}

.c0:checked + .c1::after {
  background-color: transparent;
  box-shadow: 5px 5px 0 0 var(--dark);
  left: 13px;
  -webkit-transform: rotate(-45deg);
  -ms-transform: rotate(-45deg);
  transform: rotate(-45deg);
}

.c0:checked + .c1 {
  background-color: #000;
  border: 2px solid var(--dark);
  -webkit-transition: background-color 0.3s ease-in;
  transition: background-color 0.3s ease-in;
}

<input
    checked={false}
    className="c0"
    id="switch"
    onChange={[Function]}
    type="checkbox"
  />,
  .c1 {
  position: relative;
  display: inline-block;
  width: 40px;
  height: 20px;
  background-color: var(--white);
  -webkit-transition: background-color 0.3s ease-in;
  transition: background-color 0.3s ease-in;
  border-radius: 20px;
  border: 2px solid var(--primary);
  cursor: pointer;
}

.c1::after {
  content: "";
  position: absolute;
  width: 18px;
  height: 18px;
  border-radius: 50%;
  background-color: #fad21c;
  top: 1px;
  left: 2px;
  -webkit-transition: all 0.3s;
  transition: all 0.3s;
}

.c2:checked + .c0::after {
  background-color: transparent;
  box-shadow: 5px 5px 0 0 var(--dark);
  left: 13px;
  -webkit-transform: rotate(-45deg);
  -ms-transform: rotate(-45deg);
  transform: rotate(-45deg);
}

.c2:checked + .c0 {
  background-color: #000;
  border: 2px solid var(--dark);
  -webkit-transition: background-color 0.3s ease-in;
  transition: background-color 0.3s ease-in;
}

<label
    className="c0 c1"
    htmlFor="switch"
  />,
]
`;
