// Jest Snapshot v1, https://goo.gl/fbAQLP

exports[`ThemeSwitcher renders correctly 1`] = `
.c0 {
  display: none;
}

.c0:checked + .c1::after {
  background-color: transparent;
  box-shadow: 5px 5px 0 0 var(--dark);
  left: 13px;
  -webkit-transform: rotate(-45deg);
  -ms-transform: rotate(-45deg);
  transform: rotate(-45deg);
}

.c0:checked + .c1 {
  background-color: #000;
  border: 2px solid var(--dark);
  -webkit-transition: background-color 0.3s ease-in;
  transition: background-color 0.3s ease-in;
}

<input
  class="c0"
  data-testid="theme-checkbox"
  id="switch"
  type="checkbox"
/>
`;
